<html>
<body>
<pre>
<h1>µVision Build Log</h1>
<h2>Tool Versions:</h2>
IDE-Version: µVision V5.40.0.0
Copyright (C) 2024 ARM Ltd and ARM Germany GmbH. All rights reserved.
License Information: nhanfa fasf, asdfasd, LIC=----
 
Tool Versions:
Toolchain:       MDK-Lite  Version: 5.40.0.3
Toolchain Path:  C:\Users\Acer\AppData\Local\Keil_v5\ARM\ARMCLANG\Bin
C Compiler:      ArmClang.exe V6.22
Assembler:       Armasm.exe V6.22
Linker/Locator:  ArmLink.exe V6.22
Library Manager: ArmAr.exe V6.22
Hex Converter:   FromElf.exe V6.22
CPU DLL:         SARMCM3.DLL V5.40.0.3
Dialog DLL:      DCM.DLL V1.17.5.0
Target DLL:      STLink\ST-LINKIII-KEIL_SWO.dll V3.3.0.0
Dialog DLL:      TCM.DLL V1.56.4.0
 
<h2>Project:</h2>
C:\Users\Acer\Downloads\Vi xu ly\THUC TAP VDK\khinen (1)\khinen\MDK-ARM\khinen.uvprojx
Project File Date:  10/26/2024

<h2>Output:</h2>
*** Using Compiler 'V6.22', folder: 'C:\Users\Acer\AppData\Local\Keil_v5\ARM\ARMCLANG\Bin'
Build target 'khinen'
compiling main.c...
linking...
Program Size: Code=6382 RO-data=446 RW-data=16 ZI-data=1752  
FromELF: creating hex file...
"khinen\khinen.axf" - 0 Error(s), 0 Warning(s).

<h2>Software Packages used:</h2>

Package Vendor: ARM
                https://www.keil.com/pack/ARM.CMSIS.6.1.0.pack
                ARM::CMSIS@6.1.0
                CMSIS (Common Microcontroller Software Interface Standard)
   * Component: CORE Version: 6.1.0

Package Vendor: Keil
                https://www.keil.com/pack/Keil.STM32F2xx_DFP.2.11.0.pack
                Keil::STM32F2xx_DFP@2.11.0
                STMicroelectronics STM32F2 Series Device Support, Drivers and Examples

<h2>Collection of Component include folders:</h2>
  ./RTE/_khinen
  C:/Users/Acer/AppData/Local/Arm/Packs/ARM/CMSIS/6.1.0/CMSIS/Core/Include
  C:/Users/Acer/AppData/Local/Arm/Packs/Keil/STM32F2xx_DFP/2.11.0/Drivers/CMSIS/Device/ST/STM32F2xx/Include

<h2>Collection of Component Files used:</h2>

   * Component: ARM::CMSIS:CORE@6.1.0
      Include file:  CMSIS/Core/Include/tz_context.h
Build Time Elapsed:  00:00:01
</pre>
</body>
</html>
